------------------------------------------------------------
Timing Analyzer Summary
------------------------------------------------------------

Type  : Slow 1100mV 85C Model Setup 'KEY[0]'
Slack : -12.228
TNS   : -4334.662

Type  : Slow 1100mV 85C Model Hold 'KEY[0]'
Slack : 0.963
TNS   : 0.000

Type  : Slow 1100mV 85C Model Minimum Pulse Width 'KEY[0]'
Slack : -0.660
TNS   : -442.706

Type  : Slow 1100mV 0C Model Setup 'KEY[0]'
Slack : -11.971
TNS   : -4208.431

Type  : Slow 1100mV 0C Model Hold 'KEY[0]'
Slack : 0.938
TNS   : 0.000

Type  : Slow 1100mV 0C Model Minimum Pulse Width 'KEY[0]'
Slack : -0.565
TNS   : -409.382

Type  : Fast 1100mV 85C Model Setup 'KEY[0]'
Slack : -5.864
TNS   : -2051.781

Type  : Fast 1100mV 85C Model Hold 'KEY[0]'
Slack : 0.458
TNS   : 0.000

Type  : Fast 1100mV 85C Model Minimum Pulse Width 'KEY[0]'
Slack : -0.685
TNS   : -380.093

Type  : Fast 1100mV 0C Model Setup 'KEY[0]'
Slack : -5.198
TNS   : -1818.710

Type  : Fast 1100mV 0C Model Hold 'KEY[0]'
Slack : 0.415
TNS   : 0.000

Type  : Fast 1100mV 0C Model Minimum Pulse Width 'KEY[0]'
Slack : -0.683
TNS   : -384.034

------------------------------------------------------------
