------------------------------------------------------------
Timing Analyzer Summary
------------------------------------------------------------

Type  : Slow 1100mV 85C Model Setup 'CLOCK_50'
Slack : -10.569
TNS   : -4130.664

Type  : Slow 1100mV 85C Model Hold 'CLOCK_50'
Slack : 0.440
TNS   : 0.000

Type  : Slow 1100mV 85C Model Recovery 'divisorGenerico_e_Interface:DIVISORINTERFACE|divisorGenerico:baseTempo|tick'
Slack : -7.034
TNS   : -14.064

Type  : Slow 1100mV 85C Model Recovery 'KEY[1]'
Slack : -4.150
TNS   : -4.150

Type  : Slow 1100mV 85C Model Removal 'KEY[1]'
Slack : 1.108
TNS   : 0.000

Type  : Slow 1100mV 85C Model Removal 'divisorGenerico_e_Interface:DIVISORINTERFACE|divisorGenerico:baseTempo|tick'
Slack : 4.263
TNS   : 0.000

Type  : Slow 1100mV 85C Model Minimum Pulse Width 'CLOCK_50'
Slack : -0.538
TNS   : -568.798

Type  : Slow 1100mV 85C Model Minimum Pulse Width 'divisorGenerico_e_Interface:DIVISORINTERFACE|divisorGenerico:baseTempo|tick'
Slack : -0.538
TNS   : -1.618

Type  : Slow 1100mV 85C Model Minimum Pulse Width 'KEY[1]'
Slack : -0.538
TNS   : -0.862

Type  : Slow 1100mV 0C Model Setup 'CLOCK_50'
Slack : -10.431
TNS   : -4042.973

Type  : Slow 1100mV 0C Model Hold 'CLOCK_50'
Slack : 0.352
TNS   : 0.000

Type  : Slow 1100mV 0C Model Recovery 'divisorGenerico_e_Interface:DIVISORINTERFACE|divisorGenerico:baseTempo|tick'
Slack : -7.239
TNS   : -14.473

Type  : Slow 1100mV 0C Model Recovery 'KEY[1]'
Slack : -4.422
TNS   : -4.422

Type  : Slow 1100mV 0C Model Removal 'KEY[1]'
Slack : 1.226
TNS   : 0.000

Type  : Slow 1100mV 0C Model Removal 'divisorGenerico_e_Interface:DIVISORINTERFACE|divisorGenerico:baseTempo|tick'
Slack : 4.345
TNS   : 0.000

Type  : Slow 1100mV 0C Model Minimum Pulse Width 'CLOCK_50'
Slack : -0.538
TNS   : -504.054

Type  : Slow 1100mV 0C Model Minimum Pulse Width 'divisorGenerico_e_Interface:DIVISORINTERFACE|divisorGenerico:baseTempo|tick'
Slack : -0.538
TNS   : -1.615

Type  : Slow 1100mV 0C Model Minimum Pulse Width 'KEY[1]'
Slack : -0.538
TNS   : -0.894

Type  : Fast 1100mV 85C Model Setup 'CLOCK_50'
Slack : -5.103
TNS   : -1978.302

Type  : Fast 1100mV 85C Model Hold 'CLOCK_50'
Slack : 0.077
TNS   : 0.000

Type  : Fast 1100mV 85C Model Recovery 'divisorGenerico_e_Interface:DIVISORINTERFACE|divisorGenerico:baseTempo|tick'
Slack : -3.161
TNS   : -6.321

Type  : Fast 1100mV 85C Model Recovery 'KEY[1]'
Slack : -1.589
TNS   : -1.589

Type  : Fast 1100mV 85C Model Removal 'KEY[1]'
Slack : 0.305
TNS   : 0.000

Type  : Fast 1100mV 85C Model Removal 'divisorGenerico_e_Interface:DIVISORINTERFACE|divisorGenerico:baseTempo|tick'
Slack : 1.920
TNS   : 0.000

Type  : Fast 1100mV 85C Model Minimum Pulse Width 'CLOCK_50'
Slack : -0.591
TNS   : -292.708

Type  : Fast 1100mV 85C Model Minimum Pulse Width 'KEY[1]'
Slack : -0.447
TNS   : -1.288

Type  : Fast 1100mV 85C Model Minimum Pulse Width 'divisorGenerico_e_Interface:DIVISORINTERFACE|divisorGenerico:baseTempo|tick'
Slack : 0.073
TNS   : 0.000

Type  : Fast 1100mV 0C Model Setup 'CLOCK_50'
Slack : -4.510
TNS   : -1715.942

Type  : Fast 1100mV 0C Model Hold 'CLOCK_50'
Slack : -0.093
TNS   : -0.120

Type  : Fast 1100mV 0C Model Recovery 'divisorGenerico_e_Interface:DIVISORINTERFACE|divisorGenerico:baseTempo|tick'
Slack : -2.932
TNS   : -5.863

Type  : Fast 1100mV 0C Model Recovery 'KEY[1]'
Slack : -1.384
TNS   : -1.384

Type  : Fast 1100mV 0C Model Removal 'KEY[1]'
Slack : 0.217
TNS   : 0.000

Type  : Fast 1100mV 0C Model Removal 'divisorGenerico_e_Interface:DIVISORINTERFACE|divisorGenerico:baseTempo|tick'
Slack : 1.829
TNS   : 0.000

Type  : Fast 1100mV 0C Model Minimum Pulse Width 'CLOCK_50'
Slack : -0.631
TNS   : -348.622

Type  : Fast 1100mV 0C Model Minimum Pulse Width 'KEY[1]'
Slack : -0.504
TNS   : -1.525

Type  : Fast 1100mV 0C Model Minimum Pulse Width 'divisorGenerico_e_Interface:DIVISORINTERFACE|divisorGenerico:baseTempo|tick'
Slack : 0.086
TNS   : 0.000

------------------------------------------------------------
