------------------------------------------------------------
Timing Analyzer Summary
------------------------------------------------------------

Type  : Slow 1100mV 85C Model Setup 'CLOCK_50'
Slack : -10.847
TNS   : -4678.740

Type  : Slow 1100mV 85C Model Hold 'CLOCK_50'
Slack : 0.456
TNS   : 0.000

Type  : Slow 1100mV 85C Model Recovery 'divisorGenerico_e_Interface:DIVISORINTERFACE|divisorGenerico:baseTempo|tick'
Slack : -6.630
TNS   : -6.630

Type  : Slow 1100mV 85C Model Recovery 'KEY[1]'
Slack : -4.329
TNS   : -4.329

Type  : Slow 1100mV 85C Model Removal 'KEY[1]'
Slack : 1.216
TNS   : 0.000

Type  : Slow 1100mV 85C Model Removal 'divisorGenerico_e_Interface:DIVISORINTERFACE|divisorGenerico:baseTempo|tick'
Slack : 3.816
TNS   : 0.000

Type  : Slow 1100mV 85C Model Minimum Pulse Width 'CLOCK_50'
Slack : -0.556
TNS   : -556.919

Type  : Slow 1100mV 85C Model Minimum Pulse Width 'KEY[1]'
Slack : -0.538
TNS   : -0.864

Type  : Slow 1100mV 85C Model Minimum Pulse Width 'divisorGenerico_e_Interface:DIVISORINTERFACE|divisorGenerico:baseTempo|tick'
Slack : -0.538
TNS   : -0.827

Type  : Slow 1100mV 0C Model Setup 'CLOCK_50'
Slack : -10.941
TNS   : -4522.230

Type  : Slow 1100mV 0C Model Hold 'CLOCK_50'
Slack : 0.457
TNS   : 0.000

Type  : Slow 1100mV 0C Model Recovery 'divisorGenerico_e_Interface:DIVISORINTERFACE|divisorGenerico:baseTempo|tick'
Slack : -6.787
TNS   : -6.787

Type  : Slow 1100mV 0C Model Recovery 'KEY[1]'
Slack : -4.473
TNS   : -4.473

Type  : Slow 1100mV 0C Model Removal 'KEY[1]'
Slack : 1.322
TNS   : 0.000

Type  : Slow 1100mV 0C Model Removal 'divisorGenerico_e_Interface:DIVISORINTERFACE|divisorGenerico:baseTempo|tick'
Slack : 3.932
TNS   : 0.000

Type  : Slow 1100mV 0C Model Minimum Pulse Width 'CLOCK_50'
Slack : -0.602
TNS   : -493.292

Type  : Slow 1100mV 0C Model Minimum Pulse Width 'KEY[1]'
Slack : -0.538
TNS   : -0.895

Type  : Slow 1100mV 0C Model Minimum Pulse Width 'divisorGenerico_e_Interface:DIVISORINTERFACE|divisorGenerico:baseTempo|tick'
Slack : -0.538
TNS   : -0.828

Type  : Fast 1100mV 85C Model Setup 'CLOCK_50'
Slack : -5.262
TNS   : -2262.271

Type  : Fast 1100mV 85C Model Hold 'CLOCK_50'
Slack : 0.152
TNS   : 0.000

Type  : Fast 1100mV 85C Model Recovery 'divisorGenerico_e_Interface:DIVISORINTERFACE|divisorGenerico:baseTempo|tick'
Slack : -3.058
TNS   : -3.058

Type  : Fast 1100mV 85C Model Recovery 'KEY[1]'
Slack : -1.715
TNS   : -1.715

Type  : Fast 1100mV 85C Model Removal 'KEY[1]'
Slack : 0.215
TNS   : 0.000

Type  : Fast 1100mV 85C Model Removal 'divisorGenerico_e_Interface:DIVISORINTERFACE|divisorGenerico:baseTempo|tick'
Slack : 1.662
TNS   : 0.000

Type  : Fast 1100mV 85C Model Minimum Pulse Width 'CLOCK_50'
Slack : -0.645
TNS   : -287.052

Type  : Fast 1100mV 85C Model Minimum Pulse Width 'KEY[1]'
Slack : -0.441
TNS   : -1.267

Type  : Fast 1100mV 85C Model Minimum Pulse Width 'divisorGenerico_e_Interface:DIVISORINTERFACE|divisorGenerico:baseTempo|tick'
Slack : 0.032
TNS   : 0.000

Type  : Fast 1100mV 0C Model Setup 'CLOCK_50'
Slack : -4.689
TNS   : -1972.738

Type  : Fast 1100mV 0C Model Hold 'CLOCK_50'
Slack : -0.036
TNS   : -0.040

Type  : Fast 1100mV 0C Model Recovery 'divisorGenerico_e_Interface:DIVISORINTERFACE|divisorGenerico:baseTempo|tick'
Slack : -2.873
TNS   : -2.873

Type  : Fast 1100mV 0C Model Recovery 'KEY[1]'
Slack : -1.500
TNS   : -1.500

Type  : Fast 1100mV 0C Model Removal 'KEY[1]'
Slack : 0.145
TNS   : 0.000

Type  : Fast 1100mV 0C Model Removal 'divisorGenerico_e_Interface:DIVISORINTERFACE|divisorGenerico:baseTempo|tick'
Slack : 1.618
TNS   : 0.000

Type  : Fast 1100mV 0C Model Minimum Pulse Width 'CLOCK_50'
Slack : -0.690
TNS   : -341.601

Type  : Fast 1100mV 0C Model Minimum Pulse Width 'KEY[1]'
Slack : -0.502
TNS   : -1.514

Type  : Fast 1100mV 0C Model Minimum Pulse Width 'divisorGenerico_e_Interface:DIVISORINTERFACE|divisorGenerico:baseTempo|tick'
Slack : 0.035
TNS   : 0.000

------------------------------------------------------------
